// Jest Snapshot v1, https://goo.gl/fbAQLP

exports[`NbaFooter component renders correctly 1`] = `
<div
  style={
    Object {
      "marginBottom": "100px",
    }
  }
>
  <div
    className="MuiGrid-container-3 MuiGrid-align-items-xs-center-11 MuiGrid-justify-xs-center-20"
  >
    <div
      className="MuiGrid-item-4 MuiGrid-grid-xs-4-35"
    >
      <div
        className="NbaFooter-container-1"
        style={
          Object {
            "backgroundColor": "#006400",
          }
        }
      >
        JETS
      </div>
    </div>
    <div
      className="MuiGrid-item-4 MuiGrid-grid-xs-2-33"
    >
      <div
        className="NbaFooter-middleContainer-2"
      >
        FINAL
      </div>
    </div>
    <div
      className="MuiGrid-item-4 MuiGrid-grid-xs-4-35"
    >
      <div
        className="NbaFooter-container-1"
        style={
          Object {
            "backgroundColor": "#8B0000",
          }
        }
      >
        PATRIOTS
      </div>
    </div>
  </div>
</div>
`;
